{
  "venue": "kalshi",
  "mode": "live",
  "equity": 74.02,
  "cash": 44.82,
  "open_positions": 1,
  "realized_pnl_total": 0.0,
  "drawdown_from_peak": 0.0125,
  "rules_version": 5,
  "halted": false,
  "actions": [
    "venue: kalshi, mode: live",
    "scan: 0 candidate(s) passed the rules"
  ]
}
{
  "venue": "kalshi",
  "mode": "live",
  "equity": 73.98,
  "cash": 15.31,
  "open_positions": 2,
  "realized_pnl_total": 0.0,
  "drawdown_from_peak": 0.0125,
  "rules_version": 5,
  "halted": false,
  "actions": [
    "venue: kalshi, mode: live",
    "scan: 1 candidate(s) passed the rules",
    "ENTER Bitcoin price range on Jul 7, 2026? \u2014 $63,500 to 63,599.99 [No] 30.0 @ 0.982 ($29.51)"
  ]
}
{
  "venue": "kalshi",
  "mode": "live",
  "equity": 73.61,
  "cash": 15.31,
  "open_positions": 2,
  "realized_pnl_total": 0.0,
  "drawdown_from_peak": 0.018,
  "rules_version": 5,
  "halted": false,
  "actions": [
    "venue: kalshi, mode: live",
    "scan: 0 candidate(s) passed the rules"
  ]
}
{
  "venue": "kalshi",
  "mode": "live",
  "equity": 73.61,
  "cash": 15.31,
  "open_positions": 2,
  "realized_pnl_total": 0.0,
  "drawdown_from_peak": 0.018,
  "rules_version": 5,
  "halted": false,
  "actions": [
    "venue: kalshi, mode: live",
    "scan: 0 candidate(s) passed the rules"
  ]
}
{
  "venue": "kalshi",
  "mode": "live",
  "equity": 73.61,
  "cash": 15.31,
  "open_positions": 2,
  "realized_pnl_total": 0.0,
  "drawdown_from_peak": 0.018,
  "rules_version": 5,
  "halted": false,
  "actions": [
    "venue: kalshi, mode: live",
    "scan: 0 candidate(s) passed the rules"
  ]
}
{
  "venue": "kalshi",
  "mode": "live",
  "equity": 73.61,
  "cash": 15.31,
  "open_positions": 2,
  "realized_pnl_total": 0.0,
  "drawdown_from_peak": 0.018,
  "rules_version": 5,
  "halted": false,
  "actions": [
    "venue: kalshi, mode: live",
    "scan: 1 candidate(s) passed the rules",
    "BLOCK SOL price on Jul 7, 2026? \u2014 $80 or above: would exceed max exposure 85% of equity; insufficient cash"
  ]
}
{
  "venue": "kalshi",
  "mode": "live",
  "equity": 73.61,
  "cash": 15.31,
  "open_positions": 2,
  "realized_pnl_total": 0.0,
  "drawdown_from_peak": 0.018,
  "rules_version": 5,
  "halted": false,
  "actions": [
    "venue: kalshi, mode: live",
    "scan: 1 candidate(s) passed the rules",
    "BLOCK SOL price on Jul 7, 2026? \u2014 $80 or above: would exceed max exposure 85% of equity; insufficient cash"
  ]
}
{
  "venue": "kalshi",
  "mode": "live",
  "equity": 73.61,
  "cash": 15.31,
  "open_positions": 2,
  "realized_pnl_total": 0.0,
  "drawdown_from_peak": 0.018,
  "rules_version": 5,
  "halted": false,
  "actions": [
    "venue: kalshi, mode: live",
    "scan: 1 candidate(s) passed the rules",
    "BLOCK SOL price on Jul 7, 2026? \u2014 $80 or above: would exceed max exposure 85% of equity; insufficient cash"
  ]
}
{
  "venue": "kalshi",
  "mode": "live",
  "equity": 73.61,
  "cash": 15.31,
  "open_positions": 2,
  "realized_pnl_total": 0.0,
  "drawdown_from_peak": 0.018,
  "rules_version": 5,
  "halted": false,
  "actions": [
    "venue: kalshi, mode: live",
    "scan: 1 candidate(s) passed the rules",
    "BLOCK SOL price on Jul 7, 2026? \u2014 $80 or above: would exceed max exposure 85% of equity; insufficient cash"
  ]
}
{
  "venue": "kalshi",
  "mode": "live",
  "equity": 73.61,
  "cash": 15.31,
  "open_positions": 2,
  "realized_pnl_total": 0.0,
  "drawdown_from_peak": 0.018,
  "rules_version": 5,
  "halted": false,
  "actions": [
    "venue: kalshi, mode: live",
    "scan: 1 candidate(s) passed the rules",
    "BLOCK SOL price on Jul 7, 2026? \u2014 $80 or above: would exceed max exposure 85% of equity; insufficient cash"
  ]
}
{
  "venue": "kalshi",
  "mode": "live",
  "equity": 73.61,
  "cash": 15.31,
  "open_positions": 2,
  "realized_pnl_total": 0.0,
  "drawdown_from_peak": 0.018,
  "rules_version": 5,
  "halted": false,
  "actions": [
    "venue: kalshi, mode: live",
    "scan: 1 candidate(s) passed the rules",
    "BLOCK SOL price on Jul 7, 2026? \u2014 $80 or above: would exceed max exposure 85% of equity; insufficient cash"
  ]
}
{
  "venue": "kalshi",
  "mode": "live",
  "equity": 73.91,
  "cash": 15.31,
  "open_positions": 2,
  "realized_pnl_total": 0.0,
  "drawdown_from_peak": 0.014,
  "rules_version": 5,
  "halted": false,
  "actions": [
    "venue: kalshi, mode: live",
    "scan: 1 candidate(s) passed the rules",
    "BLOCK SOL price on Jul 7, 2026? \u2014 $80 or above: would exceed max exposure 85% of equity; insufficient cash"
  ]
}
{
  "venue": "kalshi",
  "mode": "live",
  "equity": 73.91,
  "cash": 15.31,
  "open_positions": 2,
  "realized_pnl_total": 0.0,
  "drawdown_from_peak": 0.014,
  "rules_version": 5,
  "halted": false,
  "actions": [
    "venue: kalshi, mode: live",
    "scan: 1 candidate(s) passed the rules",
    "BLOCK SOL price on Jul 7, 2026? \u2014 $80 or above: would exceed max exposure 85% of equity; insufficient cash"
  ]
}
{
  "venue": "kalshi",
  "mode": "live",
  "equity": 73.91,
  "cash": 15.31,
  "open_positions": 2,
  "realized_pnl_total": 0.0,
  "drawdown_from_peak": 0.014,
  "rules_version": 5,
  "halted": false,
  "actions": [
    "venue: kalshi, mode: live",
    "scan: 1 candidate(s) passed the rules",
    "BLOCK SOL price on Jul 7, 2026? \u2014 $80 or above: would exceed max exposure 85% of equity; insufficient cash"
  ]
}
{
  "venue": "kalshi",
  "mode": "live",
  "equity": 73.91,
  "cash": 15.31,
  "open_positions": 2,
  "realized_pnl_total": 0.0,
  "drawdown_from_peak": 0.014,
  "rules_version": 5,
  "halted": false,
  "actions": [
    "venue: kalshi, mode: live",
    "scan: 0 candidate(s) passed the rules"
  ]
}
{
  "venue": "kalshi",
  "mode": "live",
  "equity": 73.91,
  "cash": 15.31,
  "open_positions": 2,
  "realized_pnl_total": 0.0,
  "drawdown_from_peak": 0.014,
  "rules_version": 5,
  "halted": false,
  "actions": [
    "venue: kalshi, mode: live",
    "scan: 0 candidate(s) passed the rules"
  ]
}
{
  "venue": "kalshi",
  "mode": "live",
  "equity": 73.91,
  "cash": 15.31,
  "open_positions": 2,
  "realized_pnl_total": 0.0,
  "drawdown_from_peak": 0.014,
  "rules_version": 5,
  "halted": false,
  "actions": [
    "venue: kalshi, mode: live",
    "scan: 0 candidate(s) passed the rules"
  ]
}
{
  "venue": "kalshi",
  "mode": "live",
  "equity": 73.91,
  "cash": 15.31,
  "open_positions": 2,
  "realized_pnl_total": 0.0,
  "drawdown_from_peak": 0.014,
  "rules_version": 5,
  "halted": false,
  "actions": [
    "venue: kalshi, mode: live",
    "scan: 0 candidate(s) passed the rules"
  ]
}
{
  "venue": "kalshi",
  "mode": "live",
  "equity": 73.91,
  "cash": 15.31,
  "open_positions": 2,
  "realized_pnl_total": 0.0,
  "drawdown_from_peak": 0.014,
  "rules_version": 5,
  "halted": false,
  "actions": [
    "venue: kalshi, mode: live",
    "scan: 0 candidate(s) passed the rules"
  ]
}
{
  "venue": "kalshi",
  "mode": "live",
  "equity": 73.91,
  "cash": 15.31,
  "open_positions": 2,
  "realized_pnl_total": 0.0,
  "drawdown_from_peak": 0.014,
  "rules_version": 5,
  "halted": false,
  "actions": [
    "venue: kalshi, mode: live",
    "scan: 0 candidate(s) passed the rules"
  ]
}
{
  "venue": "kalshi",
  "mode": "live",
  "equity": 73.91,
  "cash": 15.31,
  "open_positions": 2,
  "realized_pnl_total": 0.0,
  "drawdown_from_peak": 0.014,
  "rules_version": 5,
  "halted": false,
  "actions": [
    "venue: kalshi, mode: live",
    "scan: 1 candidate(s) passed the rules",
    "BLOCK Bitcoin price range on Jul 7, 2026? \u2014 $63,200 to 63,299.99: would exceed max exposure 85% of equity; insufficient cash"
  ]
}
{
  "venue": "kalshi",
  "mode": "live",
  "equity": 73.91,
  "cash": 15.31,
  "open_positions": 2,
  "realized_pnl_total": 0.0,
  "drawdown_from_peak": 0.014,
  "rules_version": 5,
  "halted": false,
  "actions": [
    "venue: kalshi, mode: live",
    "scan: 1 candidate(s) passed the rules",
    "BLOCK Bitcoin price range on Jul 7, 2026? \u2014 $63,200 to 63,299.99: would exceed max exposure 85% of equity; insufficient cash"
  ]
}
{
  "venue": "kalshi",
  "mode": "live",
  "equity": 73.91,
  "cash": 15.31,
  "open_positions": 2,
  "realized_pnl_total": 0.0,
  "drawdown_from_peak": 0.014,
  "rules_version": 5,
  "halted": false,
  "actions": [
    "venue: kalshi, mode: live",
    "scan: 0 candidate(s) passed the rules"
  ]
}
{
  "venue": "kalshi",
  "mode": "live",
  "equity": 73.91,
  "cash": 15.31,
  "open_positions": 2,
  "realized_pnl_total": 0.0,
  "drawdown_from_peak": 0.014,
  "rules_version": 5,
  "halted": false,
  "actions": [
    "venue: kalshi, mode: live",
    "scan: 1 candidate(s) passed the rules",
    "BLOCK Bitcoin price range on Jul 7, 2026? \u2014 $63,200 to 63,299.99: would exceed max exposure 85% of equity; insufficient cash"
  ]
}
{
  "venue": "kalshi",
  "mode": "live",
  "equity": 74.19,
  "cash": 44.99,
  "open_positions": 1,
  "realized_pnl_total": 0.17,
  "drawdown_from_peak": 0.0103,
  "rules_version": 5,
  "halted": false,
  "actions": [
    "venue: kalshi, mode: live",
    "EXIT (take_profit) Bitcoin price range on Jul 7, 2026? \u2014 $63,500 to 63,599.99 \u2192 $+0.17",
    "scan: 0 candidate(s) passed the rules"
  ]
}
{
  "venue": "kalshi",
  "mode": "live",
  "equity": 74.19,
  "cash": 44.99,
  "open_positions": 1,
  "realized_pnl_total": 0.17,
  "drawdown_from_peak": 0.0103,
  "rules_version": 5,
  "halted": false,
  "actions": [
    "venue: kalshi, mode: live",
    "scan: 0 candidate(s) passed the rules"
  ]
}
{
  "venue": "kalshi",
  "mode": "live",
  "equity": 74.19,
  "cash": 44.99,
  "open_positions": 1,
  "realized_pnl_total": 0.17,
  "drawdown_from_peak": 0.0103,
  "rules_version": 5,
  "halted": false,
  "actions": [
    "venue: kalshi, mode: live",
    "scan: 0 candidate(s) passed the rules"
  ]
}
{
  "venue": "kalshi",
  "mode": "live",
  "equity": 74.19,
  "cash": 44.99,
  "open_positions": 1,
  "realized_pnl_total": 0.17,
  "drawdown_from_peak": 0.0103,
  "rules_version": 5,
  "halted": false,
  "actions": [
    "venue: kalshi, mode: live",
    "scan: 0 candidate(s) passed the rules"
  ]
}
{
  "venue": "kalshi",
  "mode": "live",
  "equity": 75.39,
  "cash": 44.99,
  "open_positions": 1,
  "realized_pnl_total": 0.17,
  "drawdown_from_peak": 0.0,
  "rules_version": 5,
  "halted": false,
  "actions": [
    "venue: kalshi, mode: live",
    "scan: 0 candidate(s) passed the rules"
  ]
}
{
  "venue": "kalshi",
  "mode": "live",
  "equity": 78.19,
  "cash": 44.99,
  "open_positions": 1,
  "realized_pnl_total": 0.17,
  "drawdown_from_peak": 0.0,
  "rules_version": 5,
  "halted": false,
  "actions": [
    "venue: kalshi, mode: live",
    "scan: 0 candidate(s) passed the rules"
  ]
}
{
  "venue": "kalshi",
  "mode": "live",
  "equity": 77.39,
  "cash": 44.99,
  "open_positions": 1,
  "realized_pnl_total": 0.17,
  "drawdown_from_peak": 0.0102,
  "rules_version": 5,
  "halted": false,
  "actions": [
    "venue: kalshi, mode: live",
    "scan: 0 candidate(s) passed the rules"
  ]
}
{
  "venue": "kalshi",
  "mode": "live",
  "equity": 76.99,
  "cash": 44.99,
  "open_positions": 1,
  "realized_pnl_total": 0.17,
  "drawdown_from_peak": 0.0153,
  "rules_version": 5,
  "halted": false,
  "actions": [
    "venue: kalshi, mode: live",
    "scan: 0 candidate(s) passed the rules"
  ]
}
{
  "venue": "kalshi",
  "mode": "live",
  "equity": 75.39,
  "cash": 44.99,
  "open_positions": 1,
  "realized_pnl_total": 0.17,
  "drawdown_from_peak": 0.0358,
  "rules_version": 5,
  "halted": false,
  "actions": [
    "venue: kalshi, mode: live",
    "scan: 0 candidate(s) passed the rules"
  ]
}
